exports[`test Calculator renders correctly 1`] = `
<div
  className="calc">
  <div
    className="calc__display">
    0
  </div>
  <div
    className="calc__buttons">
    <div
      className="calc__row">
      <div
        className="calc__btn"
        onClick={[Function]}>
        AC
      </div>
      <div
        className="calc__btn"
        onClick={[Function]}>
        +/-
      </div>
      <div
        className="calc__btn"
        onClick={[Function]}>
        %
      </div>
      <div
        className="calc__btn calc__btn--orange"
        onClick={[Function]}>
        รท
      </div>
    </div>
    <div
      className="calc__row">
      <div
        className="calc__btn"
        onClick={[Function]}>
        7
      </div>
      <div
        className="calc__btn"
        onClick={[Function]}>
        8
      </div>
      <div
        className="calc__btn"
        onClick={[Function]}>
        9
      </div>
      <div
        className="calc__btn calc__btn--orange"
        onClick={[Function]}>
        x
      </div>
    </div>
    <div
      className="calc__row">
      <div
        className="calc__btn"
        onClick={[Function]}>
        4
      </div>
      <div
        className="calc__btn"
        onClick={[Function]}>
        5
      </div>
      <div
        className="calc__btn"
        onClick={[Function]}>
        6
      </div>
      <div
        className="calc__btn calc__btn--orange"
        onClick={[Function]}>
        -
      </div>
    </div>
    <div
      className="calc__row">
      <div
        className="calc__btn"
        onClick={[Function]}>
        1
      </div>
      <div
        className="calc__btn"
        onClick={[Function]}>
        2
      </div>
      <div
        className="calc__btn"
        onClick={[Function]}>
        3
      </div>
      <div
        className="calc__btn calc__btn--orange"
        onClick={[Function]}>
        +
      </div>
    </div>
    <div
      className="calc__row">
      <div
        className="calc__btn calc__btn--wide"
        onClick={[Function]}>
        0
      </div>
      <div
        className="calc__btn"
        onClick={[Function]}>
        .
      </div>
      <div
        className="calc__btn calc__btn--orange"
        onClick={[Function]}>
        =
      </div>
    </div>
  </div>
</div>
`;
